mode: set
github.com/cline/cline/golang-cli/internal/storage/file_storage.go:41.95,44.47 2 1
github.com/cline/cline/golang-cli/internal/storage/file_storage.go:44.47,46.3 1 1
github.com/cline/cline/golang-cli/internal/storage/file_storage.go:49.2,60.45 4 1
github.com/cline/cline/golang-cli/internal/storage/file_storage.go:60.45,61.40 1 1
github.com/cline/cline/golang-cli/internal/storage/file_storage.go:61.40,63.4 1 1
github.com/cline/cline/golang-cli/internal/storage/file_storage.go:66.2,66.21 1 1
github.com/cline/cline/golang-cli/internal/storage/file_storage.go:71.64,75.14 3 1
github.com/cline/cline/golang-cli/internal/storage/file_storage.go:75.14,77.3 1 1
github.com/cline/cline/golang-cli/internal/storage/file_storage.go:79.2,80.9 2 1
github.com/cline/cline/golang-cli/internal/storage/file_storage.go:80.9,82.3 1 1
github.com/cline/cline/golang-cli/internal/storage/file_storage.go:85.2,86.16 2 1
github.com/cline/cline/golang-cli/internal/storage/file_storage.go:86.16,90.3 1 0
github.com/cline/cline/golang-cli/internal/storage/file_storage.go:92.2,92.21 1 1
github.com/cline/cline/golang-cli/internal/storage/file_storage.go:97.69,101.14 3 1
github.com/cline/cline/golang-cli/internal/storage/file_storage.go:101.14,103.3 1 1
github.com/cline/cline/golang-cli/internal/storage/file_storage.go:106.2,107.16 2 1
github.com/cline/cline/golang-cli/internal/storage/file_storage.go:107.16,111.3 1 0
github.com/cline/cline/golang-cli/internal/storage/file_storage.go:113.2,116.18 3 1
github.com/cline/cline/golang-cli/internal/storage/file_storage.go:121.73,125.14 3 1
github.com/cline/cline/golang-cli/internal/storage/file_storage.go:125.14,127.3 1 1
github.com/cline/cline/golang-cli/internal/storage/file_storage.go:130.2,130.32 1 1
github.com/cline/cline/golang-cli/internal/storage/file_storage.go:130.32,132.17 2 1
github.com/cline/cline/golang-cli/internal/storage/file_storage.go:132.17,134.4 1 0
github.com/cline/cline/golang-cli/internal/storage/file_storage.go:135.3,135.23 1 1
github.com/cline/cline/golang-cli/internal/storage/file_storage.go:138.2,140.18 2 1
github.com/cline/cline/golang-cli/internal/storage/file_storage.go:144.53,148.14 3 1
github.com/cline/cline/golang-cli/internal/storage/file_storage.go:148.14,150.3 1 1
github.com/cline/cline/golang-cli/internal/storage/file_storage.go:152.2,155.18 3 1
github.com/cline/cline/golang-cli/internal/storage/file_storage.go:160.60,164.14 3 1
github.com/cline/cline/golang-cli/internal/storage/file_storage.go:164.14,166.3 1 1
github.com/cline/cline/golang-cli/internal/storage/file_storage.go:169.2,170.33 2 1
github.com/cline/cline/golang-cli/internal/storage/file_storage.go:170.33,172.17 2 1
github.com/cline/cline/golang-cli/internal/storage/file_storage.go:172.17,174.4 1 0
github.com/cline/cline/golang-cli/internal/storage/file_storage.go:174.9,176.4 1 1
github.com/cline/cline/golang-cli/internal/storage/file_storage.go:179.2,179.15 1 1
github.com/cline/cline/golang-cli/internal/storage/file_storage.go:184.42,188.14 3 1
github.com/cline/cline/golang-cli/internal/storage/file_storage.go:188.14,190.3 1 1
github.com/cline/cline/golang-cli/internal/storage/file_storage.go:192.2,196.13 3 1
github.com/cline/cline/golang-cli/internal/storage/file_storage.go:196.13,198.3 1 0
github.com/cline/cline/golang-cli/internal/storage/file_storage.go:201.2,201.23 1 1
github.com/cline/cline/golang-cli/internal/storage/file_storage.go:201.23,202.45 1 1
github.com/cline/cline/golang-cli/internal/storage/file_storage.go:202.45,206.4 1 0
github.com/cline/cline/golang-cli/internal/storage/file_storage.go:209.2,209.17 1 1
github.com/cline/cline/golang-cli/internal/storage/file_storage.go:214.41,217.16 2 1
github.com/cline/cline/golang-cli/internal/storage/file_storage.go:217.16,219.3 1 0
github.com/cline/cline/golang-cli/internal/storage/file_storage.go:220.2,220.13 1 1
github.com/cline/cline/golang-cli/internal/storage/file_storage.go:220.13,222.3 1 0
github.com/cline/cline/golang-cli/internal/storage/file_storage.go:223.2,226.16 3 1
github.com/cline/cline/golang-cli/internal/storage/file_storage.go:226.16,227.25 1 0
github.com/cline/cline/golang-cli/internal/storage/file_storage.go:227.25,230.4 1 0
github.com/cline/cline/golang-cli/internal/storage/file_storage.go:231.3,231.52 1 0
github.com/cline/cline/golang-cli/internal/storage/file_storage.go:233.2,236.16 3 1
github.com/cline/cline/golang-cli/internal/storage/file_storage.go:236.16,238.3 1 0
github.com/cline/cline/golang-cli/internal/storage/file_storage.go:240.2,240.20 1 1
github.com/cline/cline/golang-cli/internal/storage/file_storage.go:240.20,243.3 1 1
github.com/cline/cline/golang-cli/internal/storage/file_storage.go:245.2,246.58 2 1
github.com/cline/cline/golang-cli/internal/storage/file_storage.go:246.58,248.3 1 1
github.com/cline/cline/golang-cli/internal/storage/file_storage.go:250.2,253.12 3 1
github.com/cline/cline/golang-cli/internal/storage/file_storage.go:258.42,261.16 2 1
github.com/cline/cline/golang-cli/internal/storage/file_storage.go:261.16,263.3 1 0
github.com/cline/cline/golang-cli/internal/storage/file_storage.go:264.2,264.13 1 1
github.com/cline/cline/golang-cli/internal/storage/file_storage.go:264.13,266.3 1 0
github.com/cline/cline/golang-cli/internal/storage/file_storage.go:267.2,271.16 3 1
github.com/cline/cline/golang-cli/internal/storage/file_storage.go:271.16,273.3 1 0
github.com/cline/cline/golang-cli/internal/storage/file_storage.go:277.2,279.16 3 1
github.com/cline/cline/golang-cli/internal/storage/file_storage.go:279.16,281.3 1 0
github.com/cline/cline/golang-cli/internal/storage/file_storage.go:282.2,285.15 2 1
github.com/cline/cline/golang-cli/internal/storage/file_storage.go:285.15,286.17 1 1
github.com/cline/cline/golang-cli/internal/storage/file_storage.go:286.17,288.4 1 0
github.com/cline/cline/golang-cli/internal/storage/file_storage.go:292.2,292.52 1 1
github.com/cline/cline/golang-cli/internal/storage/file_storage.go:292.52,295.3 2 0
github.com/cline/cline/golang-cli/internal/storage/file_storage.go:298.2,298.40 1 1
github.com/cline/cline/golang-cli/internal/storage/file_storage.go:298.40,301.3 2 0
github.com/cline/cline/golang-cli/internal/storage/file_storage.go:303.2,303.41 1 1
github.com/cline/cline/golang-cli/internal/storage/file_storage.go:303.41,305.3 1 0
github.com/cline/cline/golang-cli/internal/storage/file_storage.go:308.2,308.58 1 1
github.com/cline/cline/golang-cli/internal/storage/file_storage.go:308.58,310.3 1 0
github.com/cline/cline/golang-cli/internal/storage/file_storage.go:313.2,313.56 1 1
github.com/cline/cline/golang-cli/internal/storage/file_storage.go:313.56,315.3 1 0
github.com/cline/cline/golang-cli/internal/storage/file_storage.go:318.2,319.16 2 1
github.com/cline/cline/golang-cli/internal/storage/file_storage.go:319.16,321.3 1 0
github.com/cline/cline/golang-cli/internal/storage/file_storage.go:322.2,322.39 1 1
github.com/cline/cline/golang-cli/internal/storage/file_storage.go:322.39,325.3 2 0
github.com/cline/cline/golang-cli/internal/storage/file_storage.go:326.2,330.12 3 1
github.com/cline/cline/golang-cli/internal/storage/file_storage.go:334.46,336.2 1 1
github.com/cline/cline/golang-cli/internal/storage/file_storage.go:339.43,343.2 3 1
github.com/cline/cline/golang-cli/internal/storage/file_storage.go:346.43,350.14 3 1
github.com/cline/cline/golang-cli/internal/storage/file_storage.go:350.14,352.3 1 1
github.com/cline/cline/golang-cli/internal/storage/file_storage.go:354.2,354.17 1 1
github.com/cline/cline/golang-cli/internal/storage/keyring_common.go:8.71,10.2 1 0
github.com/cline/cline/golang-cli/internal/storage/keyring_common.go:13.68,15.2 1 0
github.com/cline/cline/golang-cli/internal/storage/keyring_common.go:18.64,20.2 1 0
github.com/cline/cline/golang-cli/internal/storage/keyring_common.go:23.69,25.2 1 0
github.com/cline/cline/golang-cli/internal/storage/keyring_common.go:28.49,30.2 1 0
github.com/cline/cline/golang-cli/internal/storage/keyring_darwin.go:22.65,31.16 8 0
github.com/cline/cline/golang-cli/internal/storage/keyring_darwin.go:31.16,32.49 1 0
github.com/cline/cline/golang-cli/internal/storage/keyring_darwin.go:32.49,34.4 1 0
github.com/cline/cline/golang-cli/internal/storage/keyring_darwin.go:35.3,35.58 1 0
github.com/cline/cline/golang-cli/internal/storage/keyring_darwin.go:38.2,38.23 1 0
github.com/cline/cline/golang-cli/internal/storage/keyring_darwin.go:38.23,40.3 1 0
github.com/cline/cline/golang-cli/internal/storage/keyring_darwin.go:42.2,42.37 1 0
github.com/cline/cline/golang-cli/internal/storage/keyring_darwin.go:46.62,56.16 8 0
github.com/cline/cline/golang-cli/internal/storage/keyring_darwin.go:56.16,58.3 1 0
github.com/cline/cline/golang-cli/internal/storage/keyring_darwin.go:61.2,61.49 1 0
github.com/cline/cline/golang-cli/internal/storage/keyring_darwin.go:61.49,71.3 7 0
github.com/cline/cline/golang-cli/internal/storage/keyring_darwin.go:73.2,73.62 1 0
github.com/cline/cline/golang-cli/internal/storage/keyring_darwin.go:77.58,84.16 6 0
github.com/cline/cline/golang-cli/internal/storage/keyring_darwin.go:84.16,85.49 1 0
github.com/cline/cline/golang-cli/internal/storage/keyring_darwin.go:85.49,87.4 1 0
github.com/cline/cline/golang-cli/internal/storage/keyring_darwin.go:88.3,88.68 1 0
github.com/cline/cline/golang-cli/internal/storage/keyring_darwin.go:90.2,90.12 1 0
github.com/cline/cline/golang-cli/internal/storage/keyring_darwin.go:94.63,102.16 7 0
github.com/cline/cline/golang-cli/internal/storage/keyring_darwin.go:102.16,104.3 1 0
github.com/cline/cline/golang-cli/internal/storage/keyring_darwin.go:106.2,107.33 2 0
github.com/cline/cline/golang-cli/internal/storage/keyring_darwin.go:107.33,108.27 1 0
github.com/cline/cline/golang-cli/internal/storage/keyring_darwin.go:108.27,110.4 1 0
github.com/cline/cline/golang-cli/internal/storage/keyring_darwin.go:113.2,113.18 1 0
github.com/cline/cline/golang-cli/internal/storage/keyring_darwin.go:117.43,128.2 6 1
github.com/cline/cline/golang-cli/internal/storage/keyring_factory.go:6.43,8.2 1 1
github.com/cline/cline/golang-cli/internal/storage/migration.go:47.48,51.2 1 1
github.com/cline/cline/golang-cli/internal/storage/migration.go:55.57,56.23 1 1
github.com/cline/cline/golang-cli/internal/storage/migration.go:56.23,58.3 1 1
github.com/cline/cline/golang-cli/internal/storage/migration.go:59.2,59.34 1 1
github.com/cline/cline/golang-cli/internal/storage/migration.go:59.34,61.3 1 1
github.com/cline/cline/golang-cli/internal/storage/migration.go:62.2,62.36 1 1
github.com/cline/cline/golang-cli/internal/storage/migration.go:62.36,64.3 1 1
github.com/cline/cline/golang-cli/internal/storage/migration.go:65.2,65.54 1 1
github.com/cline/cline/golang-cli/internal/storage/migration.go:65.54,67.3 1 1
github.com/cline/cline/golang-cli/internal/storage/migration.go:68.2,69.12 2 1
github.com/cline/cline/golang-cli/internal/storage/migration.go:74.49,76.9 2 1
github.com/cline/cline/golang-cli/internal/storage/migration.go:76.9,78.3 1 1
github.com/cline/cline/golang-cli/internal/storage/migration.go:80.2,80.32 1 1
github.com/cline/cline/golang-cli/internal/storage/migration.go:81.15,82.16 1 1
github.com/cline/cline/golang-cli/internal/storage/migration.go:83.11,84.11 1 1
github.com/cline/cline/golang-cli/internal/storage/migration.go:85.14,86.44 1 1
github.com/cline/cline/golang-cli/internal/storage/migration.go:86.44,88.4 1 1
github.com/cline/cline/golang-cli/internal/storage/migration.go:89.3,89.11 1 1
github.com/cline/cline/golang-cli/internal/storage/migration.go:90.10,91.11 1 1
github.com/cline/cline/golang-cli/internal/storage/migration.go:96.51,98.2 1 1
github.com/cline/cline/golang-cli/internal/storage/migration.go:101.52,103.51 2 1
github.com/cline/cline/golang-cli/internal/storage/migration.go:103.51,104.31 1 1
github.com/cline/cline/golang-cli/internal/storage/migration.go:104.31,106.4 1 0
github.com/cline/cline/golang-cli/internal/storage/migration.go:107.3,107.39 1 1
github.com/cline/cline/golang-cli/internal/storage/migration.go:107.39,109.4 1 1
github.com/cline/cline/golang-cli/internal/storage/migration.go:111.2,111.19 1 1
github.com/cline/cline/golang-cli/internal/storage/migration.go:115.70,119.2 3 1
github.com/cline/cline/golang-cli/internal/storage/migration.go:123.102,124.37 1 1
github.com/cline/cline/golang-cli/internal/storage/migration.go:124.37,126.3 1 1
github.com/cline/cline/golang-cli/internal/storage/migration.go:128.2,129.50 2 1
github.com/cline/cline/golang-cli/internal/storage/migration.go:129.50,131.13 1 1
github.com/cline/cline/golang-cli/internal/storage/migration.go:131.13,133.26 1 1
github.com/cline/cline/golang-cli/internal/storage/migration.go:133.26,138.45 1 1
github.com/cline/cline/golang-cli/internal/storage/migration.go:138.45,141.7 2 1
github.com/cline/cline/golang-cli/internal/storage/migration.go:144.4,144.12 1 1
github.com/cline/cline/golang-cli/internal/storage/migration.go:147.3,148.10 2 1
github.com/cline/cline/golang-cli/internal/storage/migration.go:148.10,150.4 1 1
github.com/cline/cline/golang-cli/internal/storage/migration.go:151.3,151.33 1 1
github.com/cline/cline/golang-cli/internal/storage/migration.go:154.2,154.18 1 1
github.com/cline/cline/golang-cli/internal/storage/migration.go:171.61,172.36 1 1
github.com/cline/cline/golang-cli/internal/storage/migration.go:172.36,174.3 1 1
github.com/cline/cline/golang-cli/internal/storage/migration.go:178.63,179.36 1 1
github.com/cline/cline/golang-cli/internal/storage/migration.go:179.36,181.3 1 1
github.com/cline/cline/golang-cli/internal/storage/migration.go:186.56,187.36 1 1
github.com/cline/cline/golang-cli/internal/storage/migration.go:187.36,189.3 1 1
github.com/cline/cline/golang-cli/internal/storage/migration.go:193.134,202.27 2 1
github.com/cline/cline/golang-cli/internal/storage/migration.go:202.27,204.3 1 1
github.com/cline/cline/golang-cli/internal/storage/migration.go:207.2,207.23 1 1
github.com/cline/cline/golang-cli/internal/storage/migration.go:207.23,209.3 1 1
github.com/cline/cline/golang-cli/internal/storage/migration.go:211.2,211.15 1 1
github.com/cline/cline/golang-cli/internal/storage/migration.go:215.42,217.47 1 1
github.com/cline/cline/golang-cli/internal/storage/migration.go:217.47,219.17 2 1
github.com/cline/cline/golang-cli/internal/storage/migration.go:219.17,221.4 1 0
github.com/cline/cline/golang-cli/internal/storage/migration.go:222.3,222.16 1 1
github.com/cline/cline/golang-cli/internal/storage/migration.go:226.2,226.60 1 1
github.com/cline/cline/golang-cli/internal/storage/migration.go:226.60,227.37 1 1
github.com/cline/cline/golang-cli/internal/storage/migration.go:227.37,229.4 1 1
github.com/cline/cline/golang-cli/internal/storage/migration.go:230.8,230.43 1 1
github.com/cline/cline/golang-cli/internal/storage/migration.go:230.43,233.34 2 0
github.com/cline/cline/golang-cli/internal/storage/migration.go:233.34,235.4 1 0
github.com/cline/cline/golang-cli/internal/storage/migration.go:238.2,238.12 1 1
github.com/cline/cline/golang-cli/internal/storage/migration.go:242.75,244.16 2 1
github.com/cline/cline/golang-cli/internal/storage/migration.go:244.16,246.3 1 0
github.com/cline/cline/golang-cli/internal/storage/migration.go:247.2,250.16 3 1
github.com/cline/cline/golang-cli/internal/storage/migration.go:250.16,252.3 1 0
github.com/cline/cline/golang-cli/internal/storage/migration.go:254.2,255.54 2 1
github.com/cline/cline/golang-cli/internal/storage/migration.go:255.54,257.3 1 0
github.com/cline/cline/golang-cli/internal/storage/migration.go:259.2,259.20 1 1
github.com/cline/cline/golang-cli/internal/storage/migration.go:263.42,265.2 1 1
github.com/cline/cline/golang-cli/internal/storage/migration.go:268.99,271.47 2 1
github.com/cline/cline/golang-cli/internal/storage/migration.go:271.47,273.3 1 0
github.com/cline/cline/golang-cli/internal/storage/migration.go:276.2,277.16 2 1
github.com/cline/cline/golang-cli/internal/storage/migration.go:277.16,279.3 1 0
github.com/cline/cline/golang-cli/internal/storage/migration.go:280.2,283.15 2 1
github.com/cline/cline/golang-cli/internal/storage/migration.go:283.15,284.17 1 1
github.com/cline/cline/golang-cli/internal/storage/migration.go:284.17,286.4 1 0
github.com/cline/cline/golang-cli/internal/storage/migration.go:290.2,292.45 3 1
github.com/cline/cline/golang-cli/internal/storage/migration.go:292.45,295.3 2 0
github.com/cline/cline/golang-cli/internal/storage/migration.go:297.2,297.40 1 1
github.com/cline/cline/golang-cli/internal/storage/migration.go:297.40,299.3 1 0
github.com/cline/cline/golang-cli/internal/storage/migration.go:302.2,302.48 1 1
github.com/cline/cline/golang-cli/internal/storage/migration.go:302.48,304.3 1 0
github.com/cline/cline/golang-cli/internal/storage/migration.go:307.2,307.49 1 1
github.com/cline/cline/golang-cli/internal/storage/migration.go:307.49,309.3 1 0
github.com/cline/cline/golang-cli/internal/storage/migration.go:311.2,311.12 1 1
github.com/cline/cline/golang-cli/internal/storage/migration.go:315.45,319.37 3 1
github.com/cline/cline/golang-cli/internal/storage/migration.go:319.37,321.3 1 0
github.com/cline/cline/golang-cli/internal/storage/migration.go:324.2,325.16 2 1
github.com/cline/cline/golang-cli/internal/storage/migration.go:325.16,327.3 1 0
github.com/cline/cline/golang-cli/internal/storage/migration.go:329.2,329.20 1 1
github.com/cline/cline/golang-cli/internal/storage/migration.go:329.20,331.3 1 0
github.com/cline/cline/golang-cli/internal/storage/migration.go:334.2,335.16 2 1
github.com/cline/cline/golang-cli/internal/storage/migration.go:335.16,337.3 1 0
github.com/cline/cline/golang-cli/internal/storage/migration.go:340.2,340.33 1 1
github.com/cline/cline/golang-cli/internal/storage/migration.go:340.33,341.49 1 1
github.com/cline/cline/golang-cli/internal/storage/migration.go:341.49,343.72 1 1
github.com/cline/cline/golang-cli/internal/storage/migration.go:343.72,345.5 1 0
github.com/cline/cline/golang-cli/internal/storage/migration.go:346.4,346.91 1 1
github.com/cline/cline/golang-cli/internal/storage/migration.go:349.3,349.42 1 1
github.com/cline/cline/golang-cli/internal/storage/migration.go:353.2,353.33 1 1
github.com/cline/cline/golang-cli/internal/storage/migration.go:353.33,355.71 1 0
github.com/cline/cline/golang-cli/internal/storage/migration.go:355.71,357.4 1 0
github.com/cline/cline/golang-cli/internal/storage/migration.go:358.3,358.83 1 0
github.com/cline/cline/golang-cli/internal/storage/migration.go:361.2,361.12 1 1
github.com/cline/cline/golang-cli/internal/storage/migration.go:365.60,372.55 4 1
github.com/cline/cline/golang-cli/internal/storage/migration.go:372.55,374.3 1 0
github.com/cline/cline/golang-cli/internal/storage/migration.go:377.2,377.55 1 1
github.com/cline/cline/golang-cli/internal/storage/migration.go:377.55,378.73 1 1
github.com/cline/cline/golang-cli/internal/storage/migration.go:378.73,380.4 1 0
github.com/cline/cline/golang-cli/internal/storage/migration.go:381.3,381.25 1 1
github.com/cline/cline/golang-cli/internal/storage/migration.go:385.2,386.16 2 1
github.com/cline/cline/golang-cli/internal/storage/migration.go:386.16,388.3 1 0
github.com/cline/cline/golang-cli/internal/storage/migration.go:389.2,393.16 3 1
github.com/cline/cline/golang-cli/internal/storage/migration.go:393.16,395.3 1 0
github.com/cline/cline/golang-cli/internal/storage/migration.go:396.2,398.49 2 1
github.com/cline/cline/golang-cli/internal/storage/migration.go:398.49,400.3 1 0
github.com/cline/cline/golang-cli/internal/storage/migration.go:402.2,402.24 1 1
github.com/cline/cline/golang-cli/internal/storage/migration.go:406.72,409.16 2 1
github.com/cline/cline/golang-cli/internal/storage/migration.go:409.16,411.3 1 0
github.com/cline/cline/golang-cli/internal/storage/migration.go:414.2,417.68 2 1
github.com/cline/cline/golang-cli/internal/storage/migration.go:417.68,419.3 1 0
github.com/cline/cline/golang-cli/internal/storage/migration.go:421.2,421.12 1 1
github.com/cline/cline/golang-cli/internal/storage/migration.go:425.57,428.2 2 1
github.com/cline/cline/golang-cli/internal/storage/migration.go:431.66,433.9 2 1
github.com/cline/cline/golang-cli/internal/storage/migration.go:433.9,435.3 1 1
github.com/cline/cline/golang-cli/internal/storage/migration.go:437.2,437.25 1 1
github.com/cline/cline/golang-cli/internal/storage/migration.go:438.14,439.17 1 1
github.com/cline/cline/golang-cli/internal/storage/migration.go:440.20,441.26 1 0
github.com/cline/cline/golang-cli/internal/storage/migration.go:442.10,443.36 1 1
github.com/cline/cline/golang-cli/internal/storage/migration.go:448.60,450.9 2 1
github.com/cline/cline/golang-cli/internal/storage/migration.go:450.9,452.3 1 1
github.com/cline/cline/golang-cli/internal/storage/migration.go:454.2,454.25 1 1
github.com/cline/cline/golang-cli/internal/storage/migration.go:455.11,456.17 1 1
github.com/cline/cline/golang-cli/internal/storage/migration.go:457.15,458.22 1 1
github.com/cline/cline/golang-cli/internal/storage/migration.go:459.14,460.44 1 1
github.com/cline/cline/golang-cli/internal/storage/migration.go:460.44,462.4 1 1
github.com/cline/cline/golang-cli/internal/storage/migration.go:463.3,463.18 1 1
github.com/cline/cline/golang-cli/internal/storage/migration.go:464.10,465.18 1 0
github.com/cline/cline/golang-cli/internal/storage/migration.go:470.56,471.18 1 1
github.com/cline/cline/golang-cli/internal/storage/migration.go:471.18,473.3 1 1
github.com/cline/cline/golang-cli/internal/storage/migration.go:473.8,475.3 1 1
github.com/cline/cline/golang-cli/internal/storage/migration.go:479.48,481.2 1 1
github.com/cline/cline/golang-cli/internal/storage/migration.go:484.45,486.24 2 1
github.com/cline/cline/golang-cli/internal/storage/migration.go:486.24,488.3 1 1
github.com/cline/cline/golang-cli/internal/storage/migration.go:489.2,490.13 2 1
github.com/cline/cline/golang-cli/internal/storage/migration.go:494.46,496.2 1 1
github.com/cline/cline/golang-cli/internal/storage/migration.go:499.54,501.27 2 1
github.com/cline/cline/golang-cli/internal/storage/migration.go:501.27,503.3 1 1
github.com/cline/cline/golang-cli/internal/storage/migration.go:504.2,504.15 1 1
github.com/cline/cline/golang-cli/internal/storage/migration.go:508.58,510.25 2 1
github.com/cline/cline/golang-cli/internal/storage/migration.go:510.25,512.3 1 1
github.com/cline/cline/golang-cli/internal/storage/migration.go:516.61,519.16 3 1
github.com/cline/cline/golang-cli/internal/storage/migration.go:519.16,521.3 1 0
github.com/cline/cline/golang-cli/internal/storage/migration.go:522.2,523.21 2 1
github.com/cline/cline/golang-cli/internal/storage/migration.go:527.63,529.16 2 1
github.com/cline/cline/golang-cli/internal/storage/migration.go:529.16,531.3 1 0
github.com/cline/cline/golang-cli/internal/storage/migration.go:533.2,533.26 1 1
github.com/cline/cline/golang-cli/internal/storage/migration.go:533.26,535.3 1 0
github.com/cline/cline/golang-cli/internal/storage/migration.go:538.2,538.53 1 1
github.com/cline/cline/golang-cli/internal/storage/migration.go:538.53,539.43 1 1
github.com/cline/cline/golang-cli/internal/storage/migration.go:539.43,541.4 1 0
github.com/cline/cline/golang-cli/internal/storage/migration.go:544.2,544.12 1 1
github.com/cline/cline/golang-cli/internal/storage/secrets.go:70.77,71.26 1 1
github.com/cline/cline/golang-cli/internal/storage/secrets.go:71.26,73.17 2 1
github.com/cline/cline/golang-cli/internal/storage/secrets.go:73.17,75.4 1 0
github.com/cline/cline/golang-cli/internal/storage/secrets.go:76.3,76.52 1 1
github.com/cline/cline/golang-cli/internal/storage/secrets.go:80.2,80.58 1 1
github.com/cline/cline/golang-cli/internal/storage/secrets.go:80.58,82.3 1 0
github.com/cline/cline/golang-cli/internal/storage/secrets.go:84.2,93.48 4 1
github.com/cline/cline/golang-cli/internal/storage/secrets.go:93.48,98.3 1 0
github.com/cline/cline/golang-cli/internal/storage/secrets.go:100.2,100.16 1 1
github.com/cline/cline/golang-cli/internal/storage/secrets.go:104.59,105.15 1 1
github.com/cline/cline/golang-cli/internal/storage/secrets.go:105.15,107.3 1 0
github.com/cline/cline/golang-cli/internal/storage/secrets.go:109.2,109.19 1 1
github.com/cline/cline/golang-cli/internal/storage/secrets.go:109.19,111.17 2 1
github.com/cline/cline/golang-cli/internal/storage/secrets.go:111.17,112.41 1 0
github.com/cline/cline/golang-cli/internal/storage/secrets.go:112.41,114.5 1 0
github.com/cline/cline/golang-cli/internal/storage/secrets.go:115.4,115.56 1 0
github.com/cline/cline/golang-cli/internal/storage/secrets.go:117.3,117.20 1 1
github.com/cline/cline/golang-cli/internal/storage/secrets.go:121.2,121.28 1 1
github.com/cline/cline/golang-cli/internal/storage/secrets.go:125.63,126.15 1 1
github.com/cline/cline/golang-cli/internal/storage/secrets.go:126.15,128.3 1 1
github.com/cline/cline/golang-cli/internal/storage/secrets.go:130.2,130.19 1 1
github.com/cline/cline/golang-cli/internal/storage/secrets.go:130.19,131.66 1 1
github.com/cline/cline/golang-cli/internal/storage/secrets.go:131.66,133.4 1 0
github.com/cline/cline/golang-cli/internal/storage/secrets.go:134.3,134.13 1 1
github.com/cline/cline/golang-cli/internal/storage/secrets.go:138.2,138.33 1 1
github.com/cline/cline/golang-cli/internal/storage/secrets.go:142.52,143.15 1 1
github.com/cline/cline/golang-cli/internal/storage/secrets.go:143.15,145.3 1 1
github.com/cline/cline/golang-cli/internal/storage/secrets.go:147.2,147.19 1 1
github.com/cline/cline/golang-cli/internal/storage/secrets.go:147.19,148.62 1 0
github.com/cline/cline/golang-cli/internal/storage/secrets.go:148.62,149.41 1 0
github.com/cline/cline/golang-cli/internal/storage/secrets.go:149.41,151.5 1 0
github.com/cline/cline/golang-cli/internal/storage/secrets.go:152.4,152.55 1 0
github.com/cline/cline/golang-cli/internal/storage/secrets.go:154.3,154.13 1 0
github.com/cline/cline/golang-cli/internal/storage/secrets.go:158.2,158.31 1 1
github.com/cline/cline/golang-cli/internal/storage/secrets.go:162.52,163.19 1 1
github.com/cline/cline/golang-cli/internal/storage/secrets.go:163.19,165.3 1 0
github.com/cline/cline/golang-cli/internal/storage/secrets.go:168.2,168.26 1 1
github.com/cline/cline/golang-cli/internal/storage/secrets.go:172.41,175.2 1 1
github.com/cline/cline/golang-cli/internal/storage/secrets.go:178.49,180.2 1 1
github.com/cline/cline/golang-cli/internal/storage/secrets.go:184.67,190.34 3 1
github.com/cline/cline/golang-cli/internal/storage/secrets.go:190.34,192.3 1 1
github.com/cline/cline/golang-cli/internal/storage/secrets.go:195.2,195.22 1 1
github.com/cline/cline/golang-cli/internal/storage/secrets.go:196.16,200.15 2 1
github.com/cline/cline/golang-cli/internal/storage/secrets.go:201.15,203.62 1 0
github.com/cline/cline/golang-cli/internal/storage/secrets.go:203.62,205.4 1 0
github.com/cline/cline/golang-cli/internal/storage/secrets.go:205.9,205.78 1 0
github.com/cline/cline/golang-cli/internal/storage/secrets.go:205.78,207.4 1 0
github.com/cline/cline/golang-cli/internal/storage/secrets.go:208.17,211.35 2 0
github.com/cline/cline/golang-cli/internal/storage/secrets.go:215.2,215.16 1 1
github.com/cline/cline/golang-cli/internal/storage/secrets.go:215.16,217.3 1 0
github.com/cline/cline/golang-cli/internal/storage/secrets.go:220.2,221.21 2 1
github.com/cline/cline/golang-cli/internal/storage/secrets.go:225.69,227.16 2 1
github.com/cline/cline/golang-cli/internal/storage/secrets.go:227.16,229.3 1 0
github.com/cline/cline/golang-cli/internal/storage/secrets.go:231.2,232.16 2 1
github.com/cline/cline/golang-cli/internal/storage/secrets.go:232.16,234.3 1 0
github.com/cline/cline/golang-cli/internal/storage/secrets.go:236.2,237.16 2 1
github.com/cline/cline/golang-cli/internal/storage/secrets.go:237.16,239.3 1 0
github.com/cline/cline/golang-cli/internal/storage/secrets.go:241.2,242.59 2 1
github.com/cline/cline/golang-cli/internal/storage/secrets.go:242.59,244.3 1 0
github.com/cline/cline/golang-cli/internal/storage/secrets.go:246.2,247.59 2 1
github.com/cline/cline/golang-cli/internal/storage/secrets.go:251.70,253.16 2 1
github.com/cline/cline/golang-cli/internal/storage/secrets.go:253.16,255.3 1 0
github.com/cline/cline/golang-cli/internal/storage/secrets.go:257.2,258.16 2 1
github.com/cline/cline/golang-cli/internal/storage/secrets.go:258.16,260.3 1 1
github.com/cline/cline/golang-cli/internal/storage/secrets.go:262.2,262.29 1 1
github.com/cline/cline/golang-cli/internal/storage/secrets.go:262.29,264.3 1 1
github.com/cline/cline/golang-cli/internal/storage/secrets.go:266.2,267.16 2 1
github.com/cline/cline/golang-cli/internal/storage/secrets.go:267.16,269.3 1 0
github.com/cline/cline/golang-cli/internal/storage/secrets.go:271.2,272.16 2 1
github.com/cline/cline/golang-cli/internal/storage/secrets.go:272.16,274.3 1 0
github.com/cline/cline/golang-cli/internal/storage/secrets.go:276.2,278.16 3 1
github.com/cline/cline/golang-cli/internal/storage/secrets.go:278.16,280.3 1 0
github.com/cline/cline/golang-cli/internal/storage/secrets.go:282.2,282.31 1 1
github.com/cline/cline/golang-cli/internal/storage/secrets.go:292.67,294.16 2 1
github.com/cline/cline/golang-cli/internal/storage/secrets.go:294.16,295.37 1 1
github.com/cline/cline/golang-cli/internal/storage/secrets.go:295.37,297.4 1 0
github.com/cline/cline/golang-cli/internal/storage/secrets.go:298.3,298.17 1 1
github.com/cline/cline/golang-cli/internal/storage/secrets.go:301.2,302.9 2 1
github.com/cline/cline/golang-cli/internal/storage/secrets.go:302.9,304.3 1 1
github.com/cline/cline/golang-cli/internal/storage/secrets.go:306.2,307.16 2 1
github.com/cline/cline/golang-cli/internal/storage/secrets.go:307.16,309.3 1 0
github.com/cline/cline/golang-cli/internal/storage/secrets.go:311.2,311.23 1 1
github.com/cline/cline/golang-cli/internal/storage/secrets.go:315.69,317.51 2 1
github.com/cline/cline/golang-cli/internal/storage/secrets.go:317.51,319.3 1 0
github.com/cline/cline/golang-cli/internal/storage/secrets.go:321.2,321.25 1 1
github.com/cline/cline/golang-cli/internal/storage/secrets.go:321.25,324.3 2 1
github.com/cline/cline/golang-cli/internal/storage/secrets.go:326.2,327.16 2 1
github.com/cline/cline/golang-cli/internal/storage/secrets.go:327.16,329.3 1 0
github.com/cline/cline/golang-cli/internal/storage/secrets.go:331.2,332.35 2 1
github.com/cline/cline/golang-cli/internal/storage/secrets.go:336.60,338.16 2 1
github.com/cline/cline/golang-cli/internal/storage/secrets.go:338.16,339.37 1 0
github.com/cline/cline/golang-cli/internal/storage/secrets.go:339.37,341.4 1 0
github.com/cline/cline/golang-cli/internal/storage/secrets.go:342.3,342.13 1 0
github.com/cline/cline/golang-cli/internal/storage/secrets.go:345.2,345.37 1 1
github.com/cline/cline/golang-cli/internal/storage/secrets.go:345.37,347.3 1 1
github.com/cline/cline/golang-cli/internal/storage/secrets.go:349.2,350.35 2 1
github.com/cline/cline/golang-cli/internal/storage/secrets.go:354.60,356.16 2 1
github.com/cline/cline/golang-cli/internal/storage/secrets.go:356.16,357.37 1 0
github.com/cline/cline/golang-cli/internal/storage/secrets.go:357.37,359.4 1 0
github.com/cline/cline/golang-cli/internal/storage/secrets.go:360.3,360.18 1 0
github.com/cline/cline/golang-cli/internal/storage/secrets.go:363.2,364.30 2 1
github.com/cline/cline/golang-cli/internal/storage/secrets.go:364.30,366.3 1 1
github.com/cline/cline/golang-cli/internal/storage/secrets.go:367.2,367.18 1 1
github.com/cline/cline/golang-cli/internal/storage/secrets.go:371.69,378.16 3 1
github.com/cline/cline/golang-cli/internal/storage/secrets.go:378.16,379.37 1 1
github.com/cline/cline/golang-cli/internal/storage/secrets.go:379.37,381.4 1 1
github.com/cline/cline/golang-cli/internal/storage/secrets.go:382.3,382.65 1 0
github.com/cline/cline/golang-cli/internal/storage/secrets.go:384.2,386.59 2 1
github.com/cline/cline/golang-cli/internal/storage/secrets.go:386.59,388.3 1 1
github.com/cline/cline/golang-cli/internal/storage/secrets.go:390.2,390.18 1 1
github.com/cline/cline/golang-cli/internal/storage/secrets.go:394.71,398.16 3 1
github.com/cline/cline/golang-cli/internal/storage/secrets.go:398.16,400.3 1 0
github.com/cline/cline/golang-cli/internal/storage/secrets.go:401.2,404.20 2 1
github.com/cline/cline/golang-cli/internal/storage/secrets.go:404.20,407.3 2 0
github.com/cline/cline/golang-cli/internal/storage/secrets.go:410.2,410.45 1 1
github.com/cline/cline/golang-cli/internal/storage/secrets.go:410.45,413.3 2 0
github.com/cline/cline/golang-cli/internal/storage/secrets.go:416.2,418.45 3 1
github.com/cline/cline/golang-cli/internal/storage/secrets.go:418.45,421.3 2 0
github.com/cline/cline/golang-cli/internal/storage/secrets.go:423.2,423.41 1 1
github.com/cline/cline/golang-cli/internal/storage/secrets.go:423.41,426.3 2 0
github.com/cline/cline/golang-cli/internal/storage/secrets.go:429.2,429.61 1 1
github.com/cline/cline/golang-cli/internal/storage/secrets.go:429.61,432.3 2 0
github.com/cline/cline/golang-cli/internal/storage/secrets.go:434.2,434.12 1 1
github.com/cline/cline/golang-cli/internal/storage/secrets.go:439.37,445.2 4 1
github.com/cline/cline/golang-cli/internal/storage/secrets.go:449.55,450.19 1 0
github.com/cline/cline/golang-cli/internal/storage/secrets.go:450.19,453.3 1 0
github.com/cline/cline/golang-cli/internal/storage/secrets.go:456.2,456.60 1 0
github.com/cline/cline/golang-cli/internal/storage/secrets.go:456.60,458.3 1 0
github.com/cline/cline/golang-cli/internal/storage/secrets.go:461.2,462.54 2 0
github.com/cline/cline/golang-cli/internal/storage/secrets.go:462.54,464.3 1 0
github.com/cline/cline/golang-cli/internal/storage/secrets.go:467.2,468.16 2 0
github.com/cline/cline/golang-cli/internal/storage/secrets.go:468.16,470.3 1 0
github.com/cline/cline/golang-cli/internal/storage/secrets.go:473.2,474.48 2 0
github.com/cline/cline/golang-cli/internal/storage/secrets.go:474.48,476.17 2 0
github.com/cline/cline/golang-cli/internal/storage/secrets.go:476.17,477.12 1 0
github.com/cline/cline/golang-cli/internal/storage/secrets.go:480.3,480.70 1 0
github.com/cline/cline/golang-cli/internal/storage/secrets.go:480.70,481.12 1 0
github.com/cline/cline/golang-cli/internal/storage/secrets.go:483.3,483.13 1 0
github.com/cline/cline/golang-cli/internal/storage/secrets.go:487.2,491.35 2 0
github.com/cline/cline/golang-cli/internal/storage/secrets.go:491.35,494.3 1 0
github.com/cline/cline/golang-cli/internal/storage/secrets.go:496.2,496.12 1 0
github.com/cline/cline/golang-cli/internal/storage/storage.go:82.87,83.19 1 1
github.com/cline/cline/golang-cli/internal/storage/storage.go:83.19,85.17 2 0
github.com/cline/cline/golang-cli/internal/storage/storage.go:85.17,87.4 1 0
github.com/cline/cline/golang-cli/internal/storage/storage.go:88.3,88.53 1 0
github.com/cline/cline/golang-cli/internal/storage/storage.go:91.2,96.16 4 1
github.com/cline/cline/golang-cli/internal/storage/storage.go:96.16,98.3 1 0
github.com/cline/cline/golang-cli/internal/storage/storage.go:99.2,104.16 4 1
github.com/cline/cline/golang-cli/internal/storage/storage.go:104.16,106.3 1 0
github.com/cline/cline/golang-cli/internal/storage/storage.go:107.2,110.25 2 1
github.com/cline/cline/golang-cli/internal/storage/storage.go:110.25,114.17 4 1
github.com/cline/cline/golang-cli/internal/storage/storage.go:114.17,116.4 1 0
github.com/cline/cline/golang-cli/internal/storage/storage.go:117.3,117.40 1 1
github.com/cline/cline/golang-cli/internal/storage/storage.go:120.2,120.17 1 1
github.com/cline/cline/golang-cli/internal/storage/storage.go:124.42,130.28 4 1
github.com/cline/cline/golang-cli/internal/storage/storage.go:130.28,131.49 1 1
github.com/cline/cline/golang-cli/internal/storage/storage.go:131.49,133.4 1 0
github.com/cline/cline/golang-cli/internal/storage/storage.go:136.2,136.24 1 1
github.com/cline/cline/golang-cli/internal/storage/storage.go:136.24,137.45 1 1
github.com/cline/cline/golang-cli/internal/storage/storage.go:137.45,139.4 1 0
github.com/cline/cline/golang-cli/internal/storage/storage.go:142.2,142.31 1 1
github.com/cline/cline/golang-cli/internal/storage/storage.go:142.31,143.52 1 1
github.com/cline/cline/golang-cli/internal/storage/storage.go:143.52,145.4 1 0
github.com/cline/cline/golang-cli/internal/storage/storage.go:148.2,148.19 1 1
github.com/cline/cline/golang-cli/internal/storage/storage.go:148.19,150.3 1 0
github.com/cline/cline/golang-cli/internal/storage/storage.go:152.2,152.12 1 1
github.com/cline/cline/golang-cli/internal/storage/storage.go:157.61,159.16 2 1
github.com/cline/cline/golang-cli/internal/storage/storage.go:159.16,161.3 1 0
github.com/cline/cline/golang-cli/internal/storage/storage.go:165.2,171.18 4 1
github.com/cline/cline/golang-cli/internal/storage/storage.go:175.43,178.31 3 1
github.com/cline/cline/golang-cli/internal/storage/storage.go:178.31,180.3 1 1
github.com/cline/cline/golang-cli/internal/storage/storage.go:181.2,181.15 1 1
github.com/cline/cline/golang-cli/internal/storage/storage.go:186.53,189.16 2 1
github.com/cline/cline/golang-cli/internal/storage/storage.go:189.16,191.3 1 1
github.com/cline/cline/golang-cli/internal/storage/storage.go:193.2,194.54 2 1
github.com/cline/cline/golang-cli/internal/storage/storage.go:194.54,196.3 1 0
github.com/cline/cline/golang-cli/internal/storage/storage.go:198.2,198.20 1 1
github.com/cline/cline/golang-cli/internal/storage/storage.go:202.74,204.9 2 1
github.com/cline/cline/golang-cli/internal/storage/storage.go:204.9,206.3 1 1
github.com/cline/cline/golang-cli/internal/storage/storage.go:209.2,210.16 2 1
github.com/cline/cline/golang-cli/internal/storage/storage.go:210.16,212.3 1 0
github.com/cline/cline/golang-cli/internal/storage/storage.go:214.2,214.51 1 1
github.com/cline/cline/golang-cli/internal/storage/storage.go:214.51,216.3 1 0
github.com/cline/cline/golang-cli/internal/storage/storage.go:218.2,218.18 1 1
